Doing nothing unsuccessfully
exit status 1
Doing nothing unsuccessfully
exit status 1
